// Jest Snapshot v1, https://goo.gl/fbAQLP

exports[`it renders and matches with snapshot 1`] = `
<DocumentFragment>
  <div
    class="PrivateSwipeArea-root css-x15wq9"
    style="width: 20px;"
  />
</DocumentFragment>
`;
