// Jest Snapshot v1, https://goo.gl/fbAQLP

exports[`it renders and matches with snapshot 1`] = `
<DocumentFragment>
  <div
    class="MuiPaper-root MuiPaper-elevation MuiPaper-rounded MuiPaper-elevation1 Messages css-1ps6pg7-MuiPaper-root"
    style="width: 100%; display: flex; flex-direction: row; justify-content: space-between; align-items: center;"
  >
    <ul
      class="MuiList-root MuiList-padding css-h4y409-MuiList-root"
    >
      <p
        class="MuiTypography-root MuiTypography-body1 Messages-sender css-ahj2mt-MuiTypography-root"
      >
        :
      </p>
      <p
        class="MuiTypography-root MuiTypography-body2 css-e784if-MuiTypography-root"
      />
    </ul>
  </div>
</DocumentFragment>
`;
