// Jest Snapshot v1, https://goo.gl/fbAQLP

exports[`it renders and matches with snapshot 1`] = `
<DocumentFragment>
  <div
    class="ProfileCard"
  >
    <div
      class="profile-info"
    >
      <a
        class="profile-link"
        href="/profile/undefined"
      >
        <div
          class="MuiAvatar-root MuiAvatar-circular MuiAvatar-colorDefault css-6vry9o-MuiAvatar-root"
        >
          <svg
            aria-hidden="true"
            class="MuiSvgIcon-root MuiSvgIcon-fontSizeMedium MuiAvatar-fallback css-10mi8st-MuiSvgIcon-root-MuiAvatar-fallback"
            data-testid="PersonIcon"
            focusable="false"
            viewBox="0 0 24 24"
          >
            <path
              d="M12 12c2.21 0 4-1.79 4-4s-1.79-4-4-4-4 1.79-4 4 1.79 4 4 4zm0 2c-2.67 0-8 1.34-8 4v2h16v-2c0-2.66-5.33-4-8-4z"
            />
          </svg>
        </div>
      </a>
      <a
        class="profile-link"
        href="/profile/undefined"
      >
        <span
          class="profile-username"
        />
      </a>
    </div>
    <button
      class="MuiButtonBase-root MuiIconButton-root MuiIconButton-sizeMedium profile-follow-button css-78trlr-MuiButtonBase-root-MuiIconButton-root"
      tabindex="0"
      type="button"
    >
      + Follow
      <span
        class="MuiTouchRipple-root css-8je8zh-MuiTouchRipple-root"
      />
    </button>
  </div>
</DocumentFragment>
`;
